// Vitest Snapshot v1, https://vitest.dev/guide/snapshot.html

exports[`Step 1 — batchInputValueRatios equivalence snapshots > skin A list-a-1 ratio is stable across port 1`] = `0.9374693230107487`;

exports[`Step 1 — batchInputValueRatios equivalence snapshots > skin A list-a-2 ratio is stable across port 1`] = `0.6521739130434783`;

exports[`Step 1 — batchInputValueRatios equivalence snapshots > skin B list-b-1 ratio is stable across port 1`] = `0.9445839715186448`;

exports[`Step 1 — batchInputValueRatios equivalence snapshots > skin C list-c-1 ratio (condition-median path) is stable across port 1`] = `0.4368519961125183`;

exports[`Step 1 — window edge cases > boundary floats exactly ±0.04 are included in window 1`] = `1.022972211932346`;
